{
  "version": "5.1.0",
  "informationalVersion": "5.1.0",
  "suite": "3",
  "build": "1.0.0.0",
  "apiMode": "Sandbox",
  "dataModels": [
    {
      "name": "Ed-Fi",
      "version": "3.2.0-c"
    }
  ],
  "urls": {
    "openApiMetadata": "http://localhost:49745/metadata/",
    "dependencies": "http://localhost:49745/metadata/data/v3/dependencies",
    "oauth": "http://localhost:49745/oauth/token",
    "dataManagementApi": "http://localhost:49745/data/v3/"
  }
}